Program Version,EnergyPlus, Version 25.1.0-68a4a7c774, YMD=2026.07.26 13:16,
   ************* Beginning Zone Sizing Calculations
   ** Warning ** CheckUsedConstructions: There are 23 nominally unused constructions in input.
   **   ~~~   ** For explicit details on each unused construction, use Output:Diagnostics,DisplayExtraWarnings;
   ** Warning ** GetDaylightingControls: Fraction of zone or space controlled by the Daylighting reference points is < 1.0.
   **   ~~~   ** ..discovered in Daylighting:Controls="PERIMETER_ZN_1_DAYLCTRL", only 0.270 of the zone or space is controlled.
   ** Warning ** GetDaylightingControls: Fraction of zone or space controlled by the Daylighting reference points is < 1.0.
   **   ~~~   ** ..discovered in Daylighting:Controls="PERIMETER_ZN_2_DAYLCTRL", only 0.270 of the zone or space is controlled.
   ** Warning ** GetDaylightingControls: Fraction of zone or space controlled by the Daylighting reference points is < 1.0.
   **   ~~~   ** ..discovered in Daylighting:Controls="PERIMETER_ZN_3_DAYLCTRL", only 0.270 of the zone or space is controlled.
   ** Warning ** GetDaylightingControls: Fraction of zone or space controlled by the Daylighting reference points is < 1.0.
   **   ~~~   ** ..discovered in Daylighting:Controls="PERIMETER_ZN_4_DAYLCTRL", only 0.270 of the zone or space is controlled.
   ************* Beginning System Sizing Calculations
   ************* Beginning Plant Sizing Calculations
   ** Warning ** GetDXCoils: Coil:Heating:DX:SingleSpeed="PSZ-AC:1 HEAT PUMP DX HEATING COIL" curve values
   **   ~~~   ** ... Defrost Energy Input Ratio Function of Temperature Curve Name = HPACCOOLEIRFT output is not equal to 1.0 (+ or - 10%) at rated conditions.
   **   ~~~   ** ... Curve output at rated conditions = 0.787
   ** Warning ** GetDXCoils: Coil:Heating:DX:SingleSpeed="PSZ-AC:2 HEAT PUMP DX HEATING COIL" curve values
   **   ~~~   ** ... Defrost Energy Input Ratio Function of Temperature Curve Name = HPACCOOLEIRFT output is not equal to 1.0 (+ or - 10%) at rated conditions.
   **   ~~~   ** ... Curve output at rated conditions = 0.787
   ** Warning ** GetDXCoils: Coil:Heating:DX:SingleSpeed="PSZ-AC:3 HEAT PUMP DX HEATING COIL" curve values
   **   ~~~   ** ... Defrost Energy Input Ratio Function of Temperature Curve Name = HPACCOOLEIRFT output is not equal to 1.0 (+ or - 10%) at rated conditions.
   **   ~~~   ** ... Curve output at rated conditions = 0.787
   ** Warning ** GetDXCoils: Coil:Heating:DX:SingleSpeed="PSZ-AC:4 HEAT PUMP DX HEATING COIL" curve values
   **   ~~~   ** ... Defrost Energy Input Ratio Function of Temperature Curve Name = HPACCOOLEIRFT output is not equal to 1.0 (+ or - 10%) at rated conditions.
   **   ~~~   ** ... Curve output at rated conditions = 0.787
   ** Warning ** GetDXCoils: Coil:Heating:DX:SingleSpeed="PSZ-AC:5 HEAT PUMP DX HEATING COIL" curve values
   **   ~~~   ** ... Defrost Energy Input Ratio Function of Temperature Curve Name = HPACCOOLEIRFT output is not equal to 1.0 (+ or - 10%) at rated conditions.
   **   ~~~   ** ... Curve output at rated conditions = 0.787
   ** Warning ** The Standard Ratings is calculated for Coil:Cooling:DX:SingleSpeed = PSZ-AC:1 HEAT PUMP DX COOLING COIL but not at the AHRI test condition due to curve out of bound.
   **   ~~~   **  Review the Standard Ratings calculations in the Engineering Reference for this coil type. Also, use Output:Diagnostics, DisplayExtraWarnings for further guidance.
   ** Warning ** The Standard Ratings is calculated for Coil:Cooling:DX:SingleSpeed = PSZ-AC:2 HEAT PUMP DX COOLING COIL but not at the AHRI test condition due to curve out of bound.
   **   ~~~   **  Review the Standard Ratings calculations in the Engineering Reference for this coil type. Also, use Output:Diagnostics, DisplayExtraWarnings for further guidance.
   ** Warning ** The Standard Ratings is calculated for Coil:Cooling:DX:SingleSpeed = PSZ-AC:3 HEAT PUMP DX COOLING COIL but not at the AHRI test condition due to curve out of bound.
   **   ~~~   **  Review the Standard Ratings calculations in the Engineering Reference for this coil type. Also, use Output:Diagnostics, DisplayExtraWarnings for further guidance.
   ** Warning ** The Standard Ratings is calculated for Coil:Cooling:DX:SingleSpeed = PSZ-AC:4 HEAT PUMP DX COOLING COIL but not at the AHRI test condition due to curve out of bound.
   **   ~~~   **  Review the Standard Ratings calculations in the Engineering Reference for this coil type. Also, use Output:Diagnostics, DisplayExtraWarnings for further guidance.
   ** Warning ** The Standard Ratings is calculated for Coil:Cooling:DX:SingleSpeed = PSZ-AC:5 HEAT PUMP DX COOLING COIL but not at the AHRI test condition due to curve out of bound.
   **   ~~~   **  Review the Standard Ratings calculations in the Engineering Reference for this coil type. Also, use Output:Diagnostics, DisplayExtraWarnings for further guidance.
   ** Warning ** Check input. Pump nominal power or motor efficiency is set to 0, for pump=SHWSYS1 PUMP
   ************* Testing Individual Branch Integrity
   ************* All Branches passed integrity testing
   ************* Testing Individual Supply Air Path Integrity
   ************* All Supply Air Paths passed integrity testing
   ************* Testing Individual Return Air Path Integrity
   ************* All Return Air Paths passed integrity testing
   ** Warning ** Potential Node Connection Error for object WATERHEATER:MIXED, name=SHWSYS1 WATER HEATER
   **   ~~~   **   Node Types are still UNDEFINED -- See Branch/Node Details file for further information
   **   ~~~   **   Inlet Node : SHWSYS1 PUMP-SHWSYS1 WATER HEATERNODE
   **   ~~~   **   Outlet Node: SHWSYS1 SUPPLY EQUIPMENT OUTLET NODE
   ************* There was 1 node connection error noted.
   ************* Beginning Simulation
   ** Warning ** Processing Monthly Tabular Reports: Variable names not valid for this simulation
   **   ~~~   ** ...use Output:Diagnostics,DisplayExtraWarnings; to show more details on individual variables.
   ** Severe  ** DualSetPointWithDeadBand: Effective heating set-point higher than effective cooling set-point - increase deadband if using unmixed air model
   **   ~~~   ** occurs in Zone=CORE_ZN Environment=RUNPERIOD 1, at Simulation time=01/17 06:00 - 06:15
   **   ~~~   ** LoadToHeatingSetPoint=8443.042, LoadToCoolingSetPoint=8045.228
   **   ~~~   ** Zone TempDepZnLd=1808.25
   **   ~~~   ** Zone TempIndZnLd=35153.77
   **   ~~~   ** Zone Heating ThermostatSetPoint=24.11
   **   ~~~   ** Zone Cooling ThermostatSetPoint=23.89
   **  Fatal  ** Program terminates due to above conditions.
   ...Summary of Errors that led to program termination:
   ..... Reference severe error count=1
   ..... Last severe error=DualSetPointWithDeadBand: Effective heating set-point higher than effective cooling set-point - increase deadband if using unmixed air model
   *************
   ************* ===== Final Error Summary =====
   ************* The following error categories occurred.  Consider correcting or noting.
   ************* Node Connection Errors
   ************* ..Node connection errors are often caused by spelling mistakes in a node name field.
   ************* ..To track down the problem, search the idf file for each node name listed to see if it
   ************* ..occurs in the expected input fields.
   ************* Nominally Unused Constructions
   ************* ..The nominally unused constructions warning is provided to alert you to potential conditions that can cause
   ************* ..extra time during simulation. Each construction is calculated by the algorithm indicated in the HeatBalanceAlgorithm
   ************* ..object. You may remove the constructions indicated (when you use the DisplayExtraWarnings option).
   *************
   ************* EnergyPlus Warmup Error Summary. During Warmup: 0 Warning; 0 Severe Errors.
   ************* EnergyPlus Sizing Error Summary. During Sizing: 5 Warning; 0 Severe Errors.
   ************* EnergyPlus Terminated--Fatal Error Detected. 18 Warning; 1 Severe Errors; Elapsed Time=00hr 00min  0.54sec
